cube
{
	position: -100, -100, -5;
	scale: 200, 200, 5;
	texture: skylands/ground;
	texture_hscale: 1;
	texture_vscale: 1;
	texture_hshift: 0;
	texture_vshift: 0;
}
cube
{
	position: -95, -100, 0;
	scale: 195, 5, 20;
	texture: skylands/wall1;
	texture_hscale: 1;
	texture_vscale: 1;
	texture_hshift: 0;
	texture_vshift: 0;
}
cube
{
	position: 100, -100, 0;
	scale: 5, 200, 20;
	texture: skylands/wall2;
	texture_hscale: 1;
	texture_vscale: 1;
	texture_hshift: 0;
	texture_vshift: 0;
}
cube
{
	position: -100, -100, 0;
	scale: 5, 200, 20;
	texture: skylands/wall2;
	texture_hscale: 1;
	texture_vscale: 1;
	texture_hshift: 0;
	texture_vshift: 0;
}
cube
{
	position: -100, 100, 0;
	scale: 205, 5, 20;
	texture: skylands/wall1;
	texture_hscale: 1;
	texture_vscale: 1;
	texture_hshift: 0;
	texture_vshift: 0;
}
cube
{
	position: -95, 90, 0;
	scale: 10, 10, 10;
	texture: skylands/wall3;
	texture_hscale: 1;
	texture_vscale: 1;
	texture_hshift: 0;
	texture_vshift: 0;
}
cube
{
	position: -95, 95, 10;
	scale: 5, 5, 5;
	texture: skylands/wall4;
	texture_hscale: 1;
	texture_vscale: 1;
	texture_hshift: 0;
	texture_vshift: 0;
}
cube
{
	position: -95, 85, 0;
	scale: 5, 5, 5;
	texture: skylands/wall4;
	texture_hscale: 1;
	texture_vscale: 1;
	texture_hshift: 0;
	texture_vshift: 0;
}
cube
{
	position: -95, 80, 0;
	scale: 5, 5, 4;
	texture: skylands/wall4;
	texture_hscale: 1;
	texture_vscale: 1;
	texture_hshift: 0;
	texture_vshift: 0;
}
cube
{
	position: -95, 75, 0;
	scale: 5, 5, 3;
	texture: skylands/wall4;
	texture_hscale: 1;
	texture_vscale: 1;
	texture_hshift: 0;
	texture_vshift: 0;
}
cube
{
	position: -95, 70, 0;
	scale: 5, 5, 2;
	texture: skylands/wall4;
	texture_hscale: 1;
	texture_vscale: 1;
	texture_hshift: 0;
	texture_vshift: 0;
}
cube
{
	position: -95, 65, 0;
	scale: 5, 5, 1;
	texture: skylands/wall4;
	texture_hscale: 1;
	texture_vscale: 1;
	texture_hshift: 0;
	texture_vshift: 0;
}
cube
{
	position: 0, 0, 7;
	scale: 5, 5, 5;
	texture: skylands/wall4;
	texture_hscale: 1;
	texture_vscale: 1;
	texture_hshift: 0;
	texture_vshift: 0;
}
cube
{
	position: 30, 0, 0;
	scale: 10, 10, 5;
	texture: skylands/wall4;
	texture_hscale: 1;
	texture_vscale: 1;
	texture_hshift: 0;
	texture_vshift: 0;
}
polyplanar
{
	position: 0, 0, 0;
	texture: skylands/wall4|skylands/wall4|skylands/wall4|skylands/wall4|skylands/wall4|skylands/wall4|skylands/wall4|skylands/wall4|skylands/wall4|skylands/wall4|skylands/wall4|skylands/wall4;
	planes: [(30, 0, 11)/(40, 0, 11)/(40, 0, 16)]_[(40, 0, 16)/(30, 0, 16)/(30, 0, 11)]_[(30, 10, 11)/(40, 10, 16)/(40, 10, 11)]_[(30, 10, 16)/(40, 10, 16)/(30, 10, 11)]_[(30, 10, 11)/(30, 0, 11)/(30, 10, 16)]_[(30, 10, 16)/(30, 0, 11)/(30, 0, 16)]_[(40, 0, 11)/(40, 10, 11)/(40, 10, 16)]_[(40, 10, 16)/(40, 0, 16)/(40, 0, 11)]_[(40, 10, 11)/(40, 0, 11)/(30, 0, 11)]_[(30, 0, 11)/(30, 10, 11)/(40, 10, 11)]_[(30, 0, 16)/(40, 0, 16)/(40, 10, 16)]_[(40, 10, 16)/(30, 10, 16)/(30, 0, 16)];
}
polyplanar
{
	position: 20, 40, 10;
	texture: skylands/wall4|skylands/wall4|skylands/wall4|skylands/wall4|skylands/wall4|skylands/wall4;
	planes: [(-5, -5, 0)/(5, -5, 0)/(0, 0, 7)]_[(5, -5, 0)/(5, 5, 0)/(0, 0, 7)]_[(5, 5, 0)/(-5, 5, 0)/(0, 0, 7)]_[(-5, 5, 0)/(-5, -5, 0)/(0, 0, 7)]_[(-5, -5, 0)/(-5, 5, 0)/(5, 5, 0)]_[(5, 5, 0)/(5, -5, 0)/(-5, -5, 0)];
}
spawnpoint
{
	position: 100, 100, 21;
	direction: 45, 0, 0;
}
spawnpoint
{
	position: -100, -100, 21;
	direction: 225, 0, 0;
}